2024-04-11 13:13:14 [restartedMain] INFO  com.example.demo.Test - Starting Test using Java 20.0.2 with PID 7592 (C:\Users\jaim.martinez\Desktop\File-Upload\backend\subir-imagenes-SB\target\classes started by jaim.martinez in C:\Users\jaim.martinez\Desktop\File-Upload\backend\subir-imagenes-SB)
2024-04-11 13:13:14 [restartedMain] INFO  com.example.demo.Test - No active profile set, falling back to 1 default profile: "default"
2024-04-11 13:13:14 [restartedMain] INFO  o.s.b.d.e.DevToolsPropertyDefaultsPostProcessor - Devtools property defaults active! Set 'spring.devtools.add-properties' to 'false' to disable
2024-04-11 13:13:14 [restartedMain] INFO  o.s.b.d.e.DevToolsPropertyDefaultsPostProcessor - For additional web related logging consider setting the 'logging.level.web' property to 'DEBUG'
2024-04-11 13:13:15 [restartedMain] INFO  o.s.b.w.e.tomcat.TomcatWebServer - Tomcat initialized with port(s): 8080 (http)
2024-04-11 13:13:15 [restartedMain] INFO  o.a.coyote.http11.Http11NioProtocol - Initializing ProtocolHandler ["http-nio-8080"]
2024-04-11 13:13:15 [restartedMain] INFO  o.a.catalina.core.StandardService - Starting service [Tomcat]
2024-04-11 13:13:15 [restartedMain] INFO  o.a.catalina.core.StandardEngine - Starting Servlet engine: [Apache Tomcat/10.1.13]
2024-04-11 13:13:15 [restartedMain] INFO  o.a.c.c.C.[Tomcat].[localhost].[/] - Initializing Spring embedded WebApplicationContext
2024-04-11 13:13:15 [restartedMain] INFO  o.s.b.w.s.c.ServletWebServerApplicationContext - Root WebApplicationContext: initialization completed in 904 ms
2024-04-11 13:13:15 [restartedMain] INFO  o.s.b.d.a.OptionalLiveReloadServer - LiveReload server is running on port 35729
2024-04-11 13:13:15 [restartedMain] INFO  o.a.coyote.http11.Http11NioProtocol - Starting ProtocolHandler ["http-nio-8080"]
2024-04-11 13:13:15 [restartedMain] INFO  o.s.b.w.e.tomcat.TomcatWebServer - Tomcat started on port(s): 8080 (http) with context path ''
2024-04-11 13:13:15 [restartedMain] INFO  com.example.demo.Test - Started Test in 1.54 seconds (process running for 2.087)
2024-04-11 13:13:28 [restartedMain] INFO  com.example.demo.Test - Starting Test using Java 20.0.2 with PID 12748 (C:\Users\jaim.martinez\Desktop\File-Upload\backend\subir-imagenes-SB\target\classes started by jaim.martinez in C:\Users\jaim.martinez\Desktop\File-Upload\backend\subir-imagenes-SB)
2024-04-11 13:13:28 [restartedMain] INFO  com.example.demo.Test - No active profile set, falling back to 1 default profile: "default"
2024-04-11 13:13:28 [restartedMain] INFO  o.s.b.d.e.DevToolsPropertyDefaultsPostProcessor - Devtools property defaults active! Set 'spring.devtools.add-properties' to 'false' to disable
2024-04-11 13:13:28 [restartedMain] INFO  o.s.b.d.e.DevToolsPropertyDefaultsPostProcessor - For additional web related logging consider setting the 'logging.level.web' property to 'DEBUG'
2024-04-11 13:13:29 [restartedMain] INFO  o.s.b.w.e.tomcat.TomcatWebServer - Tomcat initialized with port(s): 8080 (http)
2024-04-11 13:13:29 [restartedMain] INFO  o.a.coyote.http11.Http11NioProtocol - Initializing ProtocolHandler ["http-nio-8080"]
2024-04-11 13:13:29 [restartedMain] INFO  o.a.catalina.core.StandardService - Starting service [Tomcat]
2024-04-11 13:13:29 [restartedMain] INFO  o.a.catalina.core.StandardEngine - Starting Servlet engine: [Apache Tomcat/10.1.13]
2024-04-11 13:13:29 [restartedMain] INFO  o.a.c.c.C.[Tomcat].[localhost].[/] - Initializing Spring embedded WebApplicationContext
2024-04-11 13:13:29 [restartedMain] INFO  o.s.b.w.s.c.ServletWebServerApplicationContext - Root WebApplicationContext: initialization completed in 937 ms
2024-04-11 13:13:29 [restartedMain] INFO  o.s.b.d.a.OptionalLiveReloadServer - LiveReload server is running on port 35729
2024-04-11 13:13:29 [restartedMain] INFO  o.a.coyote.http11.Http11NioProtocol - Starting ProtocolHandler ["http-nio-8080"]
2024-04-11 13:13:29 [restartedMain] INFO  o.s.b.w.e.tomcat.TomcatWebServer - Tomcat started on port(s): 8080 (http) with context path ''
2024-04-11 13:13:29 [restartedMain] INFO  com.example.demo.Test - Started Test in 1.626 seconds (process running for 2.163)
